Microchip MPLAB XC8 Compiler V1.44 ()

Linker command line:

-W-3 --edf=C:\Program Files (x86)\Microchip\xc8\v1.44\dat\en_msgs.txt -cs \
  -h+dist/default/production\OrologioDaPolso.X.production.sym \
  --cmf=dist/default/production\OrologioDaPolso.X.production.cmf -z \
  -Q18F26J11 -oC:\Users\Luca\AppData\Local\Temp\s480.2 \
  -Mdist/default/production/OrologioDaPolso.X.production.map -E1 -ver=XC8 \
  -ASTACK=060h-0ebfh -pstack=STACK -ACODE=00h-0FFF7h -ACONST=00h-0FFF7h \
  -ASMALLCONST=0F00h-0FFFhx240,0FF00h-0FFF7h -AMEDIUMCONST=0F00h-0FFF7h \
  -ACOMRAM=01h-05Fh -AABS1=00h-0EBFh -ABIGRAM=01h-0EBFh \
  -ARAM=060h-0FFh,0100h-01FFhx13,0E00h-0EBFh -ABANK0=060h-0FFh \
  -ABANK1=0100h-01FFh -ABANK2=0200h-02FFh -ABANK3=0300h-03FFh \
  -ABANK4=0400h-04FFh -ABANK5=0500h-05FFh -ABANK6=0600h-06FFh \
  -ABANK7=0700h-07FFh -ABANK8=0800h-08FFh -ABANK9=0900h-09FFh \
  -ABANK10=0A00h-0AFFh -ABANK11=0B00h-0BFFh -ABANK12=0C00h-0CFFh \
  -ABANK13=0D00h-0DFFh -ABANK14=0E00h-0EBFh \
  -ASFR=0EC0h-0EFFh,0F00h-0F5Fh,0F60h-0FFFh \
  -preset_vec=00h,intcode,intcodelo,powerup,init -pramtop=0F00h \
  -psmallconst=SMALLCONST -pmediumconst=MEDIUMCONST -pconst=CONST \
  -AFARRAM=00h-00h -ACONFIG=0FFF8h-0FFFFh -pconfig=CONFIG \
  -pjflash_buffer=0F800h \
  -prdata=COMRAM,nvrram=COMRAM,nvbit=COMRAM,rbss=COMRAM,rbit=COMRAM \
  -pfarbss=FARRAM,fardata=FARRAM,nvFARRAM=FARRAM \
  -pintsave_regs=BIGRAM,bigbss=BIGRAM,bigdata=BIGRAM -pbss=RAM \
  -pidata=CODE,irdata=CODE,ibigdata=CODE,ifardata=CODE -prparam=COMRAM \
  C:\Users\Luca\AppData\Local\Temp\s480.obj \
  dist/default/production\OrologioDaPolso.X.production.obj 

Object code version is 3.11

Machine type is 18F26J11

Call graph: (short form)




                Name                               Link     Load   Length Selector   Space Scale
C:\Users\Luca\AppData\Local\Temp\s480.obj
                init                                  0        0        4        0       0
                config                             FFF8     FFF8        8     FFF8       0
dist/default/production\OrologioDaPolso.X.production.obj
                smallconst                          F00      F00       12      780       0
                text17                             122C     122C       28      789       0
                text16                             1204     1204       28      789       0
                text15                             11D8     11D8       2C      789       0
                text14                             130C     130C        4      789       0
                text13                             1308     1308        4      789       0
                text12                             1304     1304        4      789       0
                text11                             1300     1300        4      789       0
                text10                              F12      F12       DE      789       0
                text9                              12D6     12D6        E      789       0
                text8                              10C4     10C4       92      789       0
                text7                              1156     1156       82      789       0
                text6                              12A0     12A0       20      789       0
                text5                              12EE     12EE        A      789       0
                text4                              12F8     12F8        8      789       0
                text3                              12E4     12E4        A      789       0
                text2                              127A     127A       26      789       0
                text1                              1254     1254       26      789       0
                text0                               FF0      FF0       D4      789       0
                cstackCOMRAM                          1        1        F        1       1
                bssCOMRAM                            10       10        D        1       1
                cinit                              12C0     12C0       16      789       0
                nvCOMRAM                             1D       1D        4        1       1

TOTAL           Name                               Link     Load   Length     Space
        CLASS   STACK          

        CLASS   CODE           
                init                                  0        0        4         0
                text17                             122C     122C       28         0
                text16                             1204     1204       28         0
                text15                             11D8     11D8       2C         0
                text14                             130C     130C        4         0
                text13                             1308     1308        4         0
                text12                             1304     1304        4         0
                text11                             1300     1300        4         0
                text10                              F12      F12       DE         0
                text9                              12D6     12D6        E         0
                text8                              10C4     10C4       92         0
                text7                              1156     1156       82         0
                text6                              12A0     12A0       20         0
                text5                              12EE     12EE        A         0
                text4                              12F8     12F8        8         0
                text3                              12E4     12E4        A         0
                text2                              127A     127A       26         0
                text1                              1254     1254       26         0
                text0                               FF0      FF0       D4         0
                cinit                              12C0     12C0       16         0

        CLASS   CONST          

        CLASS   SMALLCONST     
                smallconst                          F00      F00       12         0

        CLASS   MEDIUMCONST    

        CLASS   COMRAM         
                cstackCOMRAM                          1        1        F         1
                bssCOMRAM                            10       10        D         1
                nvCOMRAM                             1D       1D        4         1

        CLASS   ABS1           

        CLASS   BIGRAM         

        CLASS   RAM            

        CLASS   BANK0          

        CLASS   BANK1          

        CLASS   BANK2          

        CLASS   BANK3          

        CLASS   BANK4          

        CLASS   BANK5          

        CLASS   BANK6          

        CLASS   BANK7          

        CLASS   BANK8          

        CLASS   BANK9          

        CLASS   BANK10         

        CLASS   BANK11         

        CLASS   BANK12         

        CLASS   BANK13         

        CLASS   BANK14         

        CLASS   SFR            

        CLASS   FARRAM         

        CLASS   CONFIG         
                config                             FFF8     FFF8        8         0

        CLASS   IDLOC          



SEGMENTS        Name                           Load    Length   Top    Selector   Space  Class

                reset_vec                      000000  000004  000004         0       0  CODE    
                cstackCOMRAM                   000001  000020  000021         1       1  COMRAM  
                smallconst                     000F00  000012  000F12       780       0  SMALLCON
                text10                         000F12  0003FE  001310       789       0  CODE    
                config                         00FFF8  000008  010000      FFF8       0  CONFIG  


UNUSED ADDRESS RANGES

        Name                Unused          Largest block    Delta
        BANK0            00060-000FF              A0
        BANK1            00100-001FF             100
        BANK10           00A00-00AFF             100
        BANK11           00B00-00BFF             100
        BANK12           00C00-00CFF             100
        BANK13           00D00-00DFF             100
        BANK14           00E00-00EBF              C0
        BANK2            00200-002FF             100
        BANK3            00300-003FF             100
        BANK4            00400-004FF             100
        BANK5            00500-005FF             100
        BANK6            00600-006FF             100
        BANK7            00700-007FF             100
        BANK8            00800-008FF             100
        BANK9            00900-009FF             100
        BIGRAM           00021-00EBF             E9F
        CODE             00004-00EFF             EFC
                         01310-0FFF7            ECE8
        COMRAM           00021-0005F              3F
        CONST            00004-00EFF             EFC
                         01310-0FFF7            ECE8
        MEDIUMCONST      01310-0FFF7            ECE8
        RAM              00060-00EBF             100
        SFR              00EC0-00FFF              60
        SMALLCONST       01310-0FFF7             100
        STACK            00060-00EBF             E60

                                  Symbol Table

DPOff@dp_n                      cstackCOMRAM  00001
DPOn@dp_n                       cstackCOMRAM  00001
DisplayController@digits        cstackCOMRAM  00001
DisplayRefresh@dgt              cstackCOMRAM  00002
GetDateTime@pdt                 cstackCOMRAM  00001
PL2                             text8         01120
PL4                             text8         0113E
PL6                             text7         011CA
PL8                             text8         0114A
SetCouples@left                 cstackCOMRAM  00007
SetCouples@lx1                  cstackCOMRAM  00005
SetCouples@lx10                 cstackCOMRAM  00003
SetCouples@pDecode              cstackCOMRAM  00008
SetCouples@right                cstackCOMRAM  00001
SetCouples@rx1                  cstackCOMRAM  00006
SetCouples@rx10                 cstackCOMRAM  00004
SetPwm@duty                     cstackCOMRAM  00001
SetupDigitController@controller cstackCOMRAM  00001
SetupOutputPort@port            cstackCOMRAM  00001
_ANCON1                         (abs)         00F49
_CCP1CON                        (abs)         00FBA
_CCP1CONbits                    (abs)         00FBA
_CCPR1L                         (abs)         00FBB
_DPOff                          text17        0122C
_DPOn                           text16        01204
_Decode                         smallconst    00F01
_DigitController                nvCOMRAM      0001F
_DisplayController              text15        011D8
_DisplayRefresh                 text10        00F12
_GetDateTime                    text8         010C4
_GetDigit1                      text14        0130C
_GetDigit2                      text13        01308
_GetDigit3                      text12        01304
_GetDigit4                      text11        01300
_OSCCON                         (abs)         00FD3
_OSCTUNE                        (abs)         00F9B
_PADCFG1                        (abs)         00F3C
_PORTB                          (abs)         00F81
_PORTC                          (abs)         00F82
_PPSCONbits                     (abs)         00EFF
_PR2                            (abs)         00FCB
_PSTR1CON                       (abs)         00FBF
_PSTR1CONbits                   (abs)         00FBF
_REFOCON                        (abs)         00F3D
_RPOR15                         (abs)         00ED5
_RPOR16                         (abs)         00ED6
_RPOR17                         (abs)         00ED7
_RPOR18                         (abs)         00ED8
_RTCCFG                         (abs)         00F3F
_RTCCFGbits                     (abs)         00F3F
_RTCVALH                        (abs)         00F99
_RTCVALL                        (abs)         00F98
_RTCWREN                        (abs)         079FD
_SetCouples                     text7         01156
_SetPwm                         text6         012A0
_SetupDigitController           text5         012EE
_SetupIOPins                    text4         012F8
_SetupOutputPort                text3         012E4
_SetupPWM                       text2         0127A
_SetupRTCC                      text1         01254
_T1CON                          (abs)         00FCD
_T2CON                          (abs)         00FCA
_TRISB                          (abs)         00F93
_TRISC                          (abs)         00F94
__CFG_CP0$OFF                   (abs)         00000
__CFG_DSBOREN$ON                (abs)         00000
__CFG_DSWDTEN$ON                (abs)         00000
__CFG_DSWDTOSC$INTOSCREF        (abs)         00000
__CFG_DSWDTPS$G2                (abs)         00000
__CFG_FCMEN$OFF                 (abs)         00000
__CFG_IESO$OFF                  (abs)         00000
__CFG_IOL1WAY$ON                (abs)         00000
__CFG_LPT1OSC$OFF               (abs)         00000
__CFG_MSSP7B_EN$MSK7            (abs)         00000
__CFG_OSC$INTOSC                (abs)         00000
__CFG_RTCOSC$T1OSCREF           (abs)         00000
__CFG_STVREN$ON                 (abs)         00000
__CFG_T1DIG$OFF                 (abs)         00000
__CFG_WDTEN$OFF                 (abs)         00000
__CFG_WDTPS$32768               (abs)         00000
__CFG_WPCFG$OFF                 (abs)         00000
__CFG_WPDIS$OFF                 (abs)         00000
__CFG_WPEND$PAGE_WPFP           (abs)         00000
__CFG_WPFP$PAGE_63              (abs)         00000
__CFG_XINST$OFF                 (abs)         00000
__HRAM                          (abs)         00000
__Habs1                         abs1          00000
__Hbank0                        bank0         00000
__Hbank1                        bank1         00000
__Hbank10                       bank10        00000
__Hbank11                       bank11        00000
__Hbank12                       bank12        00000
__Hbank13                       bank13        00000
__Hbank14                       bank14        00000
__Hbank2                        bank2         00000
__Hbank3                        bank3         00000
__Hbank4                        bank4         00000
__Hbank5                        bank5         00000
__Hbank6                        bank6         00000
__Hbank7                        bank7         00000
__Hbank8                        bank8         00000
__Hbank9                        bank9         00000
__Hbigbss                       bigbss        00000
__Hbigdata                      bigdata       00000
__Hbigram                       bigram        00000
__Hbss                          bss           00000
__HbssCOMRAM                    bssCOMRAM     00000
__Hcinit                        cinit         00000
__Hclrtext                      clrtext       00000
__Hcomram                       comram        00000
__Hconfig                       config        10000
__Hconst                        const         00000
__HcstackCOMRAM                 cstackCOMRAM  00000
__Hdata                         data          00000
__Hfarbss                       farbss        00000
__Hfardata                      fardata       00000
__Hibigdata                     ibigdata      00000
__Hidata                        idata         00000
__Hidloc                        idloc         00000
__Hifardata                     ifardata      00000
__Hinit                         init          00004
__Hintcode                      intcode       00000
__Hintcode_body                 intcode_body  00000
__Hintcodelo                    intcodelo     00000
__Hintentry                     intentry      00000
__Hintret                       intret        00000
__Hintsave_regs                 intsave_regs  00000
__Hirdata                       irdata        00000
__Hjflash_buffer                jflash_buffer 0F800
__Hmediumconst                  mediumconst   00000
__HnvCOMRAM                     nvCOMRAM      00000
__HnvFARRAM                     nvFARRAM      00000
__Hnvbit                        nvbit         00000
__Hnvrram                       nvrram        00000
__Hpa_nodes0                    pa_nodes0     00000
__Hparam                        rparam        00000
__Hpowerup                      powerup       00000
__Hram                          ram           00000
__Hramtop                       ramtop        00F00
__Hrbit                         rbit          00000
__Hrbss                         rbss          00000
__Hrdata                        rdata         00000
__Hreset_vec                    reset_vec     00000
__Hrparam                       rparam        00000
__Hsfr                          sfr           00000
__Hsmallconst                   smallconst    00F12
__Hspace_0                      (abs)         10000
__Hspace_1                      (abs)         00021
__Hspace_2                      (abs)         00000
__Hstack                        stack         00000
__Hstruct                       struct        00000
__Htemp                         temp          00000
__Htext                         text          00000
__Htext0                        text0         00000
__Htext1                        text1         00000
__Htext10                       text10        00000
__Htext11                       text11        00000
__Htext12                       text12        00000
__Htext13                       text13        00000
__Htext14                       text14        00000
__Htext15                       text15        00000
__Htext16                       text16        00000
__Htext17                       text17        00000
__Htext18                       text18        00000
__Htext2                        text2         00000
__Htext3                        text3         00000
__Htext4                        text4         00000
__Htext5                        text5         00000
__Htext6                        text6         00000
__Htext7                        text7         00000
__Htext8                        text8         00000
__Htext9                        text9         00000
__LRAM                          (abs)         00001
__Labs1                         abs1          00000
__Lbank0                        bank0         00000
__Lbank1                        bank1         00000
__Lbank10                       bank10        00000
__Lbank11                       bank11        00000
__Lbank12                       bank12        00000
__Lbank13                       bank13        00000
__Lbank14                       bank14        00000
__Lbank2                        bank2         00000
__Lbank3                        bank3         00000
__Lbank4                        bank4         00000
__Lbank5                        bank5         00000
__Lbank6                        bank6         00000
__Lbank7                        bank7         00000
__Lbank8                        bank8         00000
__Lbank9                        bank9         00000
__Lbigbss                       bigbss        00000
__Lbigdata                      bigdata       00000
__Lbigram                       bigram        00000
__Lbss                          bss           00000
__LbssCOMRAM                    bssCOMRAM     00000
__Lcinit                        cinit         00000
__Lclrtext                      clrtext       00000
__Lcomram                       comram        00000
__Lconfig                       config        0FFF8
__Lconst                        const         00000
__LcstackCOMRAM                 cstackCOMRAM  00000
__Ldata                         data          00000
__Lfarbss                       farbss        00000
__Lfardata                      fardata       00000
__Libigdata                     ibigdata      00000
__Lidata                        idata         00000
__Lidloc                        idloc         00000
__Lifardata                     ifardata      00000
__Linit                         init          00000
__Lintcode                      intcode       00000
__Lintcode_body                 intcode_body  00000
__Lintcodelo                    intcodelo     00000
__Lintentry                     intentry      00000
__Lintret                       intret        00000
__Lintsave_regs                 intsave_regs  00000
__Lirdata                       irdata        00000
__Ljflash_buffer                jflash_buffer 0F800
__Lmediumconst                  mediumconst   00000
__LnvCOMRAM                     nvCOMRAM      00000
__LnvFARRAM                     nvFARRAM      00000
__Lnvbit                        nvbit         00000
__Lnvrram                       nvrram        00000
__Lpa_nodes0                    pa_nodes0     00000
__Lparam                        rparam        00000
__Lpowerup                      powerup       00000
__Lram                          ram           00000
__Lramtop                       ramtop        00F00
__Lrbit                         rbit          00000
__Lrbss                         rbss          00000
__Lrdata                        rdata         00000
__Lreset_vec                    reset_vec     00000
__Lrparam                       rparam        00000
__Lsfr                          sfr           00000
__Lsmallconst                   smallconst    00F00
__Lspace_0                      (abs)         00000
__Lspace_1                      (abs)         00000
__Lspace_2                      (abs)         00000
__Lstack                        stack         00000
__Lstruct                       struct        00000
__Ltemp                         temp          00000
__Ltext                         text          00000
__Ltext0                        text0         00000
__Ltext1                        text1         00000
__Ltext10                       text10        00000
__Ltext11                       text11        00000
__Ltext12                       text12        00000
__Ltext13                       text13        00000
__Ltext14                       text14        00000
__Ltext15                       text15        00000
__Ltext16                       text16        00000
__Ltext17                       text17        00000
__Ltext18                       text18        00000
__Ltext2                        text2         00000
__Ltext3                        text3         00000
__Ltext4                        text4         00000
__Ltext5                        text5         00000
__Ltext6                        text6         00000
__Ltext7                        text7         00000
__Ltext8                        text8         00000
__Ltext9                        text9         00000
__S0                            (abs)         10000
__S1                            (abs)         00021
__S2                            (abs)         00000
___inthi_sp                     stack         00000
___intlo_sp                     stack         00000
___param_bank                   (abs)         00000
___rparam_used                  (abs)         00001
___sp                           stack         00000
__accesstop                     (abs)         00060
__activetblptr                  (abs)         00002
__end_ofPL2                     text8         0113E
__end_ofPL4                     text8         0114A
__end_ofPL6                     text7         011D8
__end_ofPL8                     text8         01156
__end_of_DPOff                  text17        01254
__end_of_DPOn                   text16        0122C
__end_of_Decode                 smallconst    00F11
__end_of_DisplayController      text15        01204
__end_of_DisplayRefresh         text10        00FF0
__end_of_GetDateTime            text8         01120
__end_of_GetDigit1              text14        01310
__end_of_GetDigit2              text13        0130C
__end_of_GetDigit3              text12        01308
__end_of_GetDigit4              text11        01304
__end_of_SetCouples             text7         011CA
__end_of_SetPwm                 text6         012C0
__end_of_SetupDigitController   text5         012F8
__end_of_SetupIOPins            text4         01300
__end_of_SetupOutputPort        text3         012EE
__end_of_SetupPWM               text2         012A0
__end_of_SetupRTCC              text1         0127A
__end_of__initialization        cinit         012CC
__end_of_main                   text0         010C4
__end_of_unlock_RTCC            text9         012E4
__initialization                cinit         012C0
__mediumconst                   mediumconst   00000
__pbssCOMRAM                    bssCOMRAM     00010
__pcinit                        cinit         012C0
__pcstackCOMRAM                 cstackCOMRAM  00001
__pnvCOMRAM                     nvCOMRAM      0001D
__psmallconst                   smallconst    00F00
__ptext0                        text0         00FF0
__ptext1                        text1         01254
__ptext10                       text10        00F12
__ptext11                       text11        01300
__ptext12                       text12        01304
__ptext13                       text13        01308
__ptext14                       text14        0130C
__ptext15                       text15        011D8
__ptext16                       text16        01204
__ptext17                       text17        0122C
__ptext18                       text18        00000
__ptext2                        text2         0127A
__ptext3                        text3         012E4
__ptext4                        text4         012F8
__ptext5                        text5         012EE
__ptext6                        text6         012A0
__ptext7                        text7         01156
__ptext8                        text8         010C4
__ptext9                        text9         012D6
__ramtop                        ramtop        00F00
__size_of_DPOff                 (abs)         00000
__size_of_DPOn                  (abs)         00000
__size_of_DisplayController     (abs)         00000
__size_of_DisplayRefresh        (abs)         00000
__size_of_GetDateTime           (abs)         00000
__size_of_GetDigit1             (abs)         00000
__size_of_GetDigit2             (abs)         00000
__size_of_GetDigit3             (abs)         00000
__size_of_GetDigit4             (abs)         00000
__size_of_SetCouples            (abs)         00000
__size_of_SetPwm                (abs)         00000
__size_of_SetupDigitController  (abs)         00000
__size_of_SetupIOPins           (abs)         00000
__size_of_SetupOutputPort       (abs)         00000
__size_of_SetupPWM              (abs)         00000
__size_of_SetupRTCC             (abs)         00000
__size_of_main                  (abs)         00000
__size_of_unlock_RTCC           (abs)         00000
__smallconst                    smallconst    00F00
_digit                          bssCOMRAM     00010
_digit1                         bssCOMRAM     00015
_digit2                         bssCOMRAM     00014
_digit3                         bssCOMRAM     00013
_digit4                         bssCOMRAM     00012
_dp                             bssCOMRAM     00011
_dt                             bssCOMRAM     00016
_main                           text0         00FF0
_pPort                          nvCOMRAM      0001D
_unlock_RTCC                    text9         012D6
end_of_initialization           cinit         012CC
intlevel0                       text          00000
intlevel1                       text          00000
intlevel2                       text          00000
intlevel3                       text          00000
main@bright                     cstackCOMRAM  0000E
main@brightnessdelay            cstackCOMRAM  0000A
main@displaycounter             cstackCOMRAM  0000C
stackhi                         (abs)         00EBF
stacklo                         (abs)         00060
start                           init          00000
start_initialization            cinit         012C0


FUNCTION INFORMATION:

 *************** function _main *****************
 Defined at:
		line 131 in file "main.c"
 Parameters:    Size  Location     Type
		None
 Auto vars:     Size  Location     Type
  bright          2   13[COMRAM] int 
  displaycount    2   11[COMRAM] int 
  brightnessde    2    9[COMRAM] int 
  digit           2    0        int 
 Return value:  Size  Location     Type
                  1    wreg      void 
 Registers used:
		wreg, fsr2l, fsr2h, status,2, status,0, pclath, tosl, tblptrl, tblptrh, tblptru, prodl, prodh, cstack
 Tracked objects:
		On entry : 
		On exit  : 
		Unchanged: 
 Data sizes:     COMRAM   BANK0   BANK1   BANK2   BANK3   BANK4   BANK5   BANK6   BANK7   BANK8   BANK9  BANK10  BANK11  BANK12  BANK13  BANK14
      Params:         0       0       0       0       0       0       0       0       0       0       0       0       0       0       0       0
      Locals:         6       0       0       0       0       0       0       0       0       0       0       0       0       0       0       0
      Temps:          1       0       0       0       0       0       0       0       0       0       0       0       0       0       0       0
      Totals:         7       0       0       0       0       0       0       0       0       0       0       0       0       0       0       0
Total ram usage:        7 bytes
 Hardware stack levels required when called:    2
 This function calls:
		_DPOff
		_DPOn
		_DisplayRefresh
		_GetDateTime
		_SetCouples
		_SetPwm
		_SetupDigitController
		_SetupIOPins
		_SetupOutputPort
		_SetupPWM
		_SetupRTCC
 This function is called by:
		Startup code after reset
 This function uses a non-reentrant model


 *************** function _SetupRTCC *****************
 Defined at:
		line 31 in file "RTCC.c"
 Parameters:    Size  Location     Type
		None
 Auto vars:     Size  Location     Type
		None
 Return value:  Size  Location     Type
                  1    wreg      void 
 Registers used:
		wreg, status,2, cstack
 Tracked objects:
		On entry : 
		On exit  : 
		Unchanged: 
 Data sizes:     COMRAM   BANK0   BANK1   BANK2   BANK3   BANK4   BANK5   BANK6   BANK7   BANK8   BANK9  BANK10  BANK11  BANK12  BANK13  BANK14
      Params:         0       0       0       0       0       0       0       0       0       0       0       0       0       0       0       0
      Locals:         0       0       0       0       0       0       0       0       0       0       0       0       0       0       0       0
      Temps:          0       0       0       0       0       0       0       0       0       0       0       0       0       0       0       0
      Totals:         0       0       0       0       0       0       0       0       0       0       0       0       0       0       0       0
Total ram usage:        0 bytes
 Hardware stack levels used:    1
 Hardware stack levels required when called:    1
 This function calls:
		_unlock_RTCC
 This function is called by:
		_main
 This function uses a non-reentrant model


 *************** function _SetupPWM *****************
 Defined at:
		line 75 in file "main.c"
 Parameters:    Size  Location     Type
		None
 Auto vars:     Size  Location     Type
		None
 Return value:  Size  Location     Type
                  1    wreg      void 
 Registers used:
		wreg, status,2
 Tracked objects:
		On entry : 
		On exit  : 
		Unchanged: 
 Data sizes:     COMRAM   BANK0   BANK1   BANK2   BANK3   BANK4   BANK5   BANK6   BANK7   BANK8   BANK9  BANK10  BANK11  BANK12  BANK13  BANK14
      Params:         0       0       0       0       0       0       0       0       0       0       0       0       0       0       0       0
      Locals:         0       0       0       0       0       0       0       0       0       0       0       0       0       0       0       0
      Temps:          0       0       0       0       0       0       0       0       0       0       0       0       0       0       0       0
      Totals:         0       0       0       0       0       0       0       0       0       0       0       0       0       0       0       0
Total ram usage:        0 bytes
 Hardware stack levels used:    1
 This function calls:
		Nothing
 This function is called by:
		_main
 This function uses a non-reentrant model


 *************** function _SetupOutputPort *****************
 Defined at:
		line 67 in file "Display.c"
 Parameters:    Size  Location     Type
  port            2    0[COMRAM] PTR unsigned char 
		 -> PORTB(1), 
 Auto vars:     Size  Location     Type
		None
 Return value:  Size  Location     Type
                  1    wreg      void 
 Registers used:
		wreg, status,2, status,0
 Tracked objects:
		On entry : 
		On exit  : 
		Unchanged: 
 Data sizes:     COMRAM   BANK0   BANK1   BANK2   BANK3   BANK4   BANK5   BANK6   BANK7   BANK8   BANK9  BANK10  BANK11  BANK12  BANK13  BANK14
      Params:         2       0       0       0       0       0       0       0       0       0       0       0       0       0       0       0
      Locals:         0       0       0       0       0       0       0       0       0       0       0       0       0       0       0       0
      Temps:          0       0       0       0       0       0       0       0       0       0       0       0       0       0       0       0
      Totals:         2       0       0       0       0       0       0       0       0       0       0       0       0       0       0       0
Total ram usage:        2 bytes
 Hardware stack levels used:    1
 This function calls:
		Nothing
 This function is called by:
		_main
 This function uses a non-reentrant model


 *************** function _SetupIOPins *****************
 Defined at:
		line 103 in file "main.c"
 Parameters:    Size  Location     Type
		None
 Auto vars:     Size  Location     Type
		None
 Return value:  Size  Location     Type
                  1    wreg      void 
 Registers used:
		wreg, status,2
 Tracked objects:
		On entry : 
		On exit  : 
		Unchanged: 
 Data sizes:     COMRAM   BANK0   BANK1   BANK2   BANK3   BANK4   BANK5   BANK6   BANK7   BANK8   BANK9  BANK10  BANK11  BANK12  BANK13  BANK14
      Params:         0       0       0       0       0       0       0       0       0       0       0       0       0       0       0       0
      Locals:         0       0       0       0       0       0       0       0       0       0       0       0       0       0       0       0
      Temps:          0       0       0       0       0       0       0       0       0       0       0       0       0       0       0       0
      Totals:         0       0       0       0       0       0       0       0       0       0       0       0       0       0       0       0
Total ram usage:        0 bytes
 Hardware stack levels used:    1
 This function calls:
		Nothing
 This function is called by:
		_main
 This function uses a non-reentrant model


 *************** function _SetupDigitController *****************
 Defined at:
		line 71 in file "Display.c"
 Parameters:    Size  Location     Type
  controller      2    0[COMRAM] PTR FTN(unsigned char ,)
		 -> DisplayController(1), 
 Auto vars:     Size  Location     Type
		None
 Return value:  Size  Location     Type
                  1    wreg      void 
 Registers used:
		wreg, status,2, status,0
 Tracked objects:
		On entry : 
		On exit  : 
		Unchanged: 
 Data sizes:     COMRAM   BANK0   BANK1   BANK2   BANK3   BANK4   BANK5   BANK6   BANK7   BANK8   BANK9  BANK10  BANK11  BANK12  BANK13  BANK14
      Params:         2       0       0       0       0       0       0       0       0       0       0       0       0       0       0       0
      Locals:         0       0       0       0       0       0       0       0       0       0       0       0       0       0       0       0
      Temps:          0       0       0       0       0       0       0       0       0       0       0       0       0       0       0       0
      Totals:         2       0       0       0       0       0       0       0       0       0       0       0       0       0       0       0
Total ram usage:        2 bytes
 Hardware stack levels used:    1
 This function calls:
		Nothing
 This function is called by:
		_main
 This function uses a non-reentrant model


 *************** function _SetPwm *****************
 Defined at:
		line 89 in file "main.c"
 Parameters:    Size  Location     Type
  duty            1    wreg     unsigned char 
 Auto vars:     Size  Location     Type
  duty            1    0[COMRAM] unsigned char 
 Return value:  Size  Location     Type
                  1    wreg      void 
 Registers used:
		wreg, status,2, status,0
 Tracked objects:
		On entry : 
		On exit  : 
		Unchanged: 
 Data sizes:     COMRAM   BANK0   BANK1   BANK2   BANK3   BANK4   BANK5   BANK6   BANK7   BANK8   BANK9  BANK10  BANK11  BANK12  BANK13  BANK14
      Params:         0       0       0       0       0       0       0       0       0       0       0       0       0       0       0       0
      Locals:         1       0       0       0       0       0       0       0       0       0       0       0       0       0       0       0
      Temps:          0       0       0       0       0       0       0       0       0       0       0       0       0       0       0       0
      Totals:         1       0       0       0       0       0       0       0       0       0       0       0       0       0       0       0
Total ram usage:        1 bytes
 Hardware stack levels used:    1
 This function calls:
		Nothing
 This function is called by:
		_main
 This function uses a non-reentrant model


 *************** function _SetCouples *****************
 Defined at:
		line 261 in file "Display.c"
 Parameters:    Size  Location     Type
  left            1    wreg     unsigned char 
  right           1    0[COMRAM] unsigned char 
 Auto vars:     Size  Location     Type
  left            1    6[COMRAM] unsigned char 
  pDecode         1    7[COMRAM] PTR const unsigned char 
		 -> Decode(16), 
  rx1             1    5[COMRAM] unsigned char 
  lx1             1    4[COMRAM] unsigned char 
  rx10            1    3[COMRAM] unsigned char 
  lx10            1    2[COMRAM] unsigned char 
 Return value:  Size  Location     Type
                  1    wreg      unsigned char 
 Registers used:
		wreg, status,2, status,0, tblptrl, tblptrh, tblptru
 Tracked objects:
		On entry : 
		On exit  : 
		Unchanged: 
 Data sizes:     COMRAM   BANK0   BANK1   BANK2   BANK3   BANK4   BANK5   BANK6   BANK7   BANK8   BANK9  BANK10  BANK11  BANK12  BANK13  BANK14
      Params:         1       0       0       0       0       0       0       0       0       0       0       0       0       0       0       0
      Locals:         6       0       0       0       0       0       0       0       0       0       0       0       0       0       0       0
      Temps:          1       0       0       0       0       0       0       0       0       0       0       0       0       0       0       0
      Totals:         8       0       0       0       0       0       0       0       0       0       0       0       0       0       0       0
Total ram usage:        8 bytes
 Hardware stack levels used:    1
 This function calls:
		Nothing
 This function is called by:
		_main
 This function uses a non-reentrant model


 *************** function _GetDateTime *****************
 Defined at:
		line 45 in file "RTCC.c"
 Parameters:    Size  Location     Type
  pdt             1    0[COMRAM] PTR struct .
		 -> dt(7), 
 Auto vars:     Size  Location     Type
  dummy           1    0        unsigned char 
 Return value:  Size  Location     Type
                  1    wreg      void 
 Registers used:
		wreg, fsr2l, fsr2h, status,2, status,0, prodl, prodh, cstack
 Tracked objects:
		On entry : 
		On exit  : 
		Unchanged: 
 Data sizes:     COMRAM   BANK0   BANK1   BANK2   BANK3   BANK4   BANK5   BANK6   BANK7   BANK8   BANK9  BANK10  BANK11  BANK12  BANK13  BANK14
      Params:         1       0       0       0       0       0       0       0       0       0       0       0       0       0       0       0
      Locals:         0       0       0       0       0       0       0       0       0       0       0       0       0       0       0       0
      Temps:          1       0       0       0       0       0       0       0       0       0       0       0       0       0       0       0
      Totals:         2       0       0       0       0       0       0       0       0       0       0       0       0       0       0       0
Total ram usage:        2 bytes
 Hardware stack levels used:    1
 Hardware stack levels required when called:    1
 This function calls:
		_unlock_RTCC
 This function is called by:
		_main
 This function uses a non-reentrant model


 *************** function _unlock_RTCC *****************
 Defined at:
		line 8 in file "RTCC.c"
 Parameters:    Size  Location     Type
		None
 Auto vars:     Size  Location     Type
		None
 Return value:  Size  Location     Type
                  1    wreg      void 
 Registers used:
		None
 Tracked objects:
		On entry : 
		On exit  : 
		Unchanged: 
 Data sizes:     COMRAM   BANK0   BANK1   BANK2   BANK3   BANK4   BANK5   BANK6   BANK7   BANK8   BANK9  BANK10  BANK11  BANK12  BANK13  BANK14
      Params:         0       0       0       0       0       0       0       0       0       0       0       0       0       0       0       0
      Locals:         0       0       0       0       0       0       0       0       0       0       0       0       0       0       0       0
      Temps:          0       0       0       0       0       0       0       0       0       0       0       0       0       0       0       0
      Totals:         0       0       0       0       0       0       0       0       0       0       0       0       0       0       0       0
Total ram usage:        0 bytes
 Hardware stack levels used:    1
 This function calls:
		Nothing
 This function is called by:
		_SetupRTCC
		_GetDateTime
 This function uses a non-reentrant model


 *************** function _DisplayRefresh *****************
 Defined at:
		line 79 in file "Display.c"
 Parameters:    Size  Location     Type
		None
 Auto vars:     Size  Location     Type
  dgt             1    1[COMRAM] unsigned char 
 Return value:  Size  Location     Type
                  1    wreg      void 
 Registers used:
		wreg, fsr2l, fsr2h, status,2, status,0, pclath, tosl, cstack
 Tracked objects:
		On entry : 
		On exit  : 
		Unchanged: 
 Data sizes:     COMRAM   BANK0   BANK1   BANK2   BANK3   BANK4   BANK5   BANK6   BANK7   BANK8   BANK9  BANK10  BANK11  BANK12  BANK13  BANK14
      Params:         0       0       0       0       0       0       0       0       0       0       0       0       0       0       0       0
      Locals:         1       0       0       0       0       0       0       0       0       0       0       0       0       0       0       0
      Temps:          0       0       0       0       0       0       0       0       0       0       0       0       0       0       0       0
      Totals:         1       0       0       0       0       0       0       0       0       0       0       0       0       0       0       0
Total ram usage:        1 bytes
 Hardware stack levels used:    1
 Hardware stack levels required when called:    1
 This function calls:
		Absolute function
		_DisplayController
		_GetDigit1
		_GetDigit2
		_GetDigit3
		_GetDigit4
 This function is called by:
		_main
 This function uses a non-reentrant model


 *************** function _GetDigit4 *****************
 Defined at:
		line 314 in file "Display.c"
 Parameters:    Size  Location     Type
		None
 Auto vars:     Size  Location     Type
		None
 Return value:  Size  Location     Type
                  1    wreg      unsigned char 
 Registers used:
		wreg, status,2
 Tracked objects:
		On entry : 
		On exit  : 
		Unchanged: 
 Data sizes:     COMRAM   BANK0   BANK1   BANK2   BANK3   BANK4   BANK5   BANK6   BANK7   BANK8   BANK9  BANK10  BANK11  BANK12  BANK13  BANK14
      Params:         0       0       0       0       0       0       0       0       0       0       0       0       0       0       0       0
      Locals:         0       0       0       0       0       0       0       0       0       0       0       0       0       0       0       0
      Temps:          0       0       0       0       0       0       0       0       0       0       0       0       0       0       0       0
      Totals:         0       0       0       0       0       0       0       0       0       0       0       0       0       0       0       0
Total ram usage:        0 bytes
 Hardware stack levels used:    1
 This function calls:
		Nothing
 This function is called by:
		_DisplayRefresh
 This function uses a non-reentrant model


 *************** function _GetDigit3 *****************
 Defined at:
		line 310 in file "Display.c"
 Parameters:    Size  Location     Type
		None
 Auto vars:     Size  Location     Type
		None
 Return value:  Size  Location     Type
                  1    wreg      unsigned char 
 Registers used:
		wreg, status,2
 Tracked objects:
		On entry : 
		On exit  : 
		Unchanged: 
 Data sizes:     COMRAM   BANK0   BANK1   BANK2   BANK3   BANK4   BANK5   BANK6   BANK7   BANK8   BANK9  BANK10  BANK11  BANK12  BANK13  BANK14
      Params:         0       0       0       0       0       0       0       0       0       0       0       0       0       0       0       0
      Locals:         0       0       0       0       0       0       0       0       0       0       0       0       0       0       0       0
      Temps:          0       0       0       0       0       0       0       0       0       0       0       0       0       0       0       0
      Totals:         0       0       0       0       0       0       0       0       0       0       0       0       0       0       0       0
Total ram usage:        0 bytes
 Hardware stack levels used:    1
 This function calls:
		Nothing
 This function is called by:
		_DisplayRefresh
 This function uses a non-reentrant model


 *************** function _GetDigit2 *****************
 Defined at:
		line 306 in file "Display.c"
 Parameters:    Size  Location     Type
		None
 Auto vars:     Size  Location     Type
		None
 Return value:  Size  Location     Type
                  1    wreg      unsigned char 
 Registers used:
		wreg, status,2
 Tracked objects:
		On entry : 
		On exit  : 
		Unchanged: 
 Data sizes:     COMRAM   BANK0   BANK1   BANK2   BANK3   BANK4   BANK5   BANK6   BANK7   BANK8   BANK9  BANK10  BANK11  BANK12  BANK13  BANK14
      Params:         0       0       0       0       0       0       0       0       0       0       0       0       0       0       0       0
      Locals:         0       0       0       0       0       0       0       0       0       0       0       0       0       0       0       0
      Temps:          0       0       0       0       0       0       0       0       0       0       0       0       0       0       0       0
      Totals:         0       0       0       0       0       0       0       0       0       0       0       0       0       0       0       0
Total ram usage:        0 bytes
 Hardware stack levels used:    1
 This function calls:
		Nothing
 This function is called by:
		_DisplayRefresh
 This function uses a non-reentrant model


 *************** function _GetDigit1 *****************
 Defined at:
		line 302 in file "Display.c"
 Parameters:    Size  Location     Type
		None
 Auto vars:     Size  Location     Type
		None
 Return value:  Size  Location     Type
                  1    wreg      unsigned char 
 Registers used:
		wreg, status,2
 Tracked objects:
		On entry : 
		On exit  : 
		Unchanged: 
 Data sizes:     COMRAM   BANK0   BANK1   BANK2   BANK3   BANK4   BANK5   BANK6   BANK7   BANK8   BANK9  BANK10  BANK11  BANK12  BANK13  BANK14
      Params:         0       0       0       0       0       0       0       0       0       0       0       0       0       0       0       0
      Locals:         0       0       0       0       0       0       0       0       0       0       0       0       0       0       0       0
      Temps:          0       0       0       0       0       0       0       0       0       0       0       0       0       0       0       0
      Totals:         0       0       0       0       0       0       0       0       0       0       0       0       0       0       0       0
Total ram usage:        0 bytes
 Hardware stack levels used:    1
 This function calls:
		Nothing
 This function is called by:
		_DisplayRefresh
 This function uses a non-reentrant model


 *************** function _DisplayController *****************
 Defined at:
		line 109 in file "main.c"
 Parameters:    Size  Location     Type
  digits          1    wreg     unsigned char 
 Auto vars:     Size  Location     Type
  digits          1    0[COMRAM] unsigned char 
 Return value:  Size  Location     Type
                  1    wreg      void 
 Registers used:
		wreg
 Tracked objects:
		On entry : 
		On exit  : 
		Unchanged: 
 Data sizes:     COMRAM   BANK0   BANK1   BANK2   BANK3   BANK4   BANK5   BANK6   BANK7   BANK8   BANK9  BANK10  BANK11  BANK12  BANK13  BANK14
      Params:         0       0       0       0       0       0       0       0       0       0       0       0       0       0       0       0
      Locals:         1       0       0       0       0       0       0       0       0       0       0       0       0       0       0       0
      Temps:          0       0       0       0       0       0       0       0       0       0       0       0       0       0       0       0
      Totals:         1       0       0       0       0       0       0       0       0       0       0       0       0       0       0       0
Total ram usage:        1 bytes
 Hardware stack levels used:    1
 This function calls:
		Nothing
 This function is called by:
		_main
		_DisplayRefresh
 This function uses a non-reentrant model


 *************** function _DPOn *****************
 Defined at:
		line 132 in file "Display.c"
 Parameters:    Size  Location     Type
  dp_n            1    wreg     unsigned char 
 Auto vars:     Size  Location     Type
  dp_n            1    0[COMRAM] unsigned char 
 Return value:  Size  Location     Type
                  1    wreg      void 
 Registers used:
		wreg, status,2, status,0
 Tracked objects:
		On entry : 
		On exit  : 
		Unchanged: 
 Data sizes:     COMRAM   BANK0   BANK1   BANK2   BANK3   BANK4   BANK5   BANK6   BANK7   BANK8   BANK9  BANK10  BANK11  BANK12  BANK13  BANK14
      Params:         0       0       0       0       0       0       0       0       0       0       0       0       0       0       0       0
      Locals:         1       0       0       0       0       0       0       0       0       0       0       0       0       0       0       0
      Temps:          0       0       0       0       0       0       0       0       0       0       0       0       0       0       0       0
      Totals:         1       0       0       0       0       0       0       0       0       0       0       0       0       0       0       0
Total ram usage:        1 bytes
 Hardware stack levels used:    1
 This function calls:
		Nothing
 This function is called by:
		_main
 This function uses a non-reentrant model


 *************** function _DPOff *****************
 Defined at:
		line 153 in file "Display.c"
 Parameters:    Size  Location     Type
  dp_n            1    wreg     unsigned char 
 Auto vars:     Size  Location     Type
  dp_n            1    0[COMRAM] unsigned char 
 Return value:  Size  Location     Type
                  1    wreg      void 
 Registers used:
		wreg, status,2, status,0
 Tracked objects:
		On entry : 
		On exit  : 
		Unchanged: 
 Data sizes:     COMRAM   BANK0   BANK1   BANK2   BANK3   BANK4   BANK5   BANK6   BANK7   BANK8   BANK9  BANK10  BANK11  BANK12  BANK13  BANK14
      Params:         0       0       0       0       0       0       0       0       0       0       0       0       0       0       0       0
      Locals:         1       0       0       0       0       0       0       0       0       0       0       0       0       0       0       0
      Temps:          0       0       0       0       0       0       0       0       0       0       0       0       0       0       0       0
      Totals:         1       0       0       0       0       0       0       0       0       0       0       0       0       0       0       0
Total ram usage:        1 bytes
 Hardware stack levels used:    1
 This function calls:
		Nothing
 This function is called by:
		_main
 This function uses a non-reentrant model



MODULE INFORMATION

Module		Function		Class		Link	Load	Size
RTCC.c
		_unlock_RTCC   		CODE           	12D6	0000	15
		_SetupRTCC     		CODE           	1254	0000	39
		_GetDateTime   		CODE           	10C4	0000	93

RTCC.c estimated size: 147

shared
		PL8            		CODE           	114A	0000	13
		__initialization		CODE           	12C0	0000	13
		_Decode        		SMALLCONST     	0F01	0000	17
		PL2            		CODE           	1120	0000	31
		PL4            		CODE           	113E	0000	13
		PL6            		CODE           	11CA	0000	15

shared estimated size: 102

Display.c
		_DisplayRefresh		CODE           	0F12	0000	223
		_DPOff         		CODE           	122C	0000	41
		_SetCouples    		CODE           	1156	0000	117
		_DPOn          		CODE           	1204	0000	41
		_GetDigit1     		CODE           	130C	0000	5
		_GetDigit2     		CODE           	1308	0000	5
		_GetDigit3     		CODE           	1304	0000	5
		_GetDigit4     		CODE           	1300	0000	5
		_SetupOutputPort		CODE           	12E4	0000	11
		_SetupDigitController		CODE           	12EE	0000	11

Display.c estimated size: 464

main.c
		_DisplayController		CODE           	11D8	0000	45
		_main          		CODE           	0FF0	0000	213
		_SetupPWM      		CODE           	127A	0000	39
		_SetupIOPins   		CODE           	12F8	0000	9
		_SetPwm        		CODE           	12A0	0000	33

main.c estimated size: 339

